// Jest Snapshot v1, https://goo.gl/fbAQLP

exports[`<Header /> should match the snapshot 1`] = `
<header
  className="header bg-secondary text-font text-center"
>
  <nav>
    <ul
      className="grid  grid-cols-2 items-center py-4 px-1 sm:px-4"
    >
      <li
        className="link-lighted"
      >
        <a
          href="/"
          onClick={[Function]}
        >
          Home
        </a>
      </li>
      <li
        className="link"
      >
        <a
          href="/launches/upcoming"
          onClick={[Function]}
        >
          Upcoming
        </a>
      </li>
    </ul>
  </nav>
</header>
`;
