// Jest Snapshot v1, https://goo.gl/fbAQLP

exports[`MissionContainer should match snapshot 1`] = `
<div
  className="mission-container "
>
  <h1>
    Cats
  </h1>
</div>
`;
